// Jest Snapshot v1, https://goo.gl/fbAQLP

exports[`TriggerExpressions renders 1`] = `
<EuiFormRow
  describedByIds={Array []}
  display="row"
  fullWidth={false}
  hasChildLabel={true}
  hasEmptyLabelSpace={false}
  labelType="label"
  style={
    Object {
      "width": "390px",
    }
  }
>
  <EuiFlexGroup
    alignItems="flexStart"
    gutterSize="m"
  >
    <EuiFlexItem
      grow={1}
    >
      <Field>
        <Component />
      </Field>
    </EuiFlexItem>
    <EuiFlexItem
      grow={1}
    >
      <Field>
        <Component />
      </Field>
    </EuiFlexItem>
  </EuiFlexGroup>
</EuiFormRow>
`;
