// Jest Snapshot v1, https://goo.gl/fbAQLP

exports[`NotifictionsCallOut renders 1`] = `
<div>
  <div
    class="euiCallOut euiCallOut--danger"
  >
    <div
      class="euiCallOutHeader"
    >
      <svg
        aria-hidden="true"
        class="euiIcon euiIcon--medium euiIcon--inherit euiIcon-isLoading euiCallOutHeader__icon"
        focusable="false"
        height="16"
        role="img"
        viewBox="0 0 16 16"
        width="16"
        xmlns="http://www.w3.org/2000/svg"
      />
      <span
        class="euiCallOutHeader__title"
      >
        Notifications plugin is not installed
      </span>
    </div>
    <div
      class="euiText euiText--small"
    >
      <div
        class="euiTextColor euiTextColor--default"
      >
        <p>
          Install the notifications plugin in order to create and select channels to send out notifications. 
          <a
            class="euiLink euiLink--primary"
            href="#"
            rel="noreferrer"
          >
            Learn more
            <svg
              aria-hidden="true"
              aria-label="External link"
              class="euiIcon euiIcon--small euiIcon-isLoading euiLink__externalIcon"
              focusable="false"
              height="16"
              role="img"
              viewBox="0 0 16 16"
              width="16"
              xmlns="http://www.w3.org/2000/svg"
            />
          </a>
          .
        </p>
      </div>
    </div>
  </div>
  <div
    class="euiSpacer euiSpacer--m"
  />
</div>
`;
