// Jest Snapshot v1, https://goo.gl/fbAQLP

exports[`Home renders 1`] = `
<div>
  <div
    class="euiTabs euiTabs--small"
    role="tablist"
    style="padding:16px 16px 0px"
  >
    <button
      aria-selected="true"
      class="euiTab euiTab-isSelected"
      role="tab"
      type="button"
    >
      <span
        class="euiTab__content"
      >
        Alerts
      </span>
    </button>
    <button
      aria-selected="false"
      class="euiTab"
      role="tab"
      type="button"
    >
      <span
        class="euiTab__content"
      >
        Monitors
      </span>
    </button>
    <button
      aria-selected="false"
      class="euiTab"
      role="tab"
      type="button"
    >
      <span
        class="euiTab__content"
      >
        Destinations
      </span>
    </button>
  </div>
  <div
    style="padding:16px"
  />
</div>
`;
