// Jest Snapshot v1, https://goo.gl/fbAQLP

exports[`EmptyFeaturesMessage renders no feature 1`] = `
<div
  style="border-radius:5px;padding:10px;border:1px solid #D9D9D9;height:250px;width:100%"
>
  <div
    class="euiEmptyPrompt"
    data-test-subj="empty-prompt"
    style="max-width:45em"
  >
    <span
      class="euiTextColor euiTextColor--subdued"
    >
      <div
        class="euiText euiText--medium"
      >
        <div
          class="euiText euiText--medium"
        />
      </div>
    </span>
    <div
      class="euiSpacer euiSpacer--l"
    />
    <div
      class="euiFlexGroup euiFlexGroup--gutterMedium euiFlexGroup--alignItemsCenter euiFlexGroup--justifyContentCenter euiFlexGroup--directionColumn euiFlexGroup--responsive"
    >
      <div
        class="euiFlexItem euiFlexItem--flexGrowZero"
      >
        <div
          class="euiText euiText--medium"
          data-test-subj="callOut"
        >
          ''
        </div>
      </div>
    </div>
  </div>
</div>
`;
