// Jest Snapshot v1, https://goo.gl/fbAQLP

exports[`ForExpression renders 1`] = `
<div>
  <div
    class="euiText euiText--extraSmall"
  >
    <strong>
      Time range for the last 
    </strong>
    <span
      class="euiToolTipAnchor"
    >
      <div>
        EuiIconMock
      </div>
    </span>
  </div>
  <div
    class="euiSpacer euiSpacer--s"
  />
  <div
    class="euiFlexGroup euiFlexGroup--gutterLarge euiFlexGroup--directionRow euiFlexGroup--responsive"
    style="max-width:600px"
  >
    <div
      class="euiFlexItem euiFlexItem--flexGrowZero"
      style="width:150px"
    >
      <div
        class="euiFormRow"
        id="bucketValue-form-row-row"
      >
        <div
          class="euiFormRow__fieldWrapper"
        >
          <div
            class="euiFormControlLayout"
          >
            <div
              class="euiFormControlLayout__childrenWrapper"
            >
              <input
                class="euiFieldNumber"
                min="1"
                name="bucketValue"
                type="number"
                value="1"
              />
            </div>
          </div>
        </div>
      </div>
    </div>
    <div
      class="euiFlexItem euiFlexItem--flexGrowZero"
      style="width:150px"
    >
      <div
        class="euiFormControlLayout"
      >
        <div
          class="euiFormControlLayout__childrenWrapper"
        >
          <select
            class="euiSelect"
            id="bucketUnitOfTime"
            name="bucketUnitOfTime"
          >
            <option
              value="m"
            >
              minute(s)
            </option>
            <option
              selected=""
              value="h"
            >
              hour(s)
            </option>
            <option
              value="d"
            >
              day(s)
            </option>
          </select>
          <div
            class="euiFormControlLayoutIcons euiFormControlLayoutIcons--right"
          >
            <span
              class="euiFormControlLayoutCustomIcon"
            >
              <div>
                EuiIconMock
              </div>
            </span>
          </div>
        </div>
      </div>
    </div>
  </div>
</div>
`;
