// Jest Snapshot v1, https://goo.gl/fbAQLP

exports[`WhereExpression renders 1`] = `
<div>
  <div
    class="euiText euiText--extraSmall"
  >
    <strong>
      Data filter
    </strong>
    <i>
       - optional 
    </i>
    <span
      class="euiToolTipAnchor"
    >
      <svg
        aria-hidden="true"
        class="euiIcon euiIcon--medium euiIcon-isLoading"
        focusable="false"
        height="16"
        role="img"
        viewBox="0 0 16 16"
        width="16"
        xmlns="http://www.w3.org/2000/svg"
      />
    </span>
  </div>
  <div
    class="euiSpacer euiSpacer--s"
  />
  <div>
    <div
      class="euiText euiText--extraSmall"
    >
      No filters defined.
    </div>
  </div>
  <button
    class="euiButtonEmpty euiButtonEmpty--primary euiButtonEmpty--xSmall"
    data-test-subj="where.addFilterButton"
    style="padding-top:5px"
    type="button"
  >
    <span
      class="euiButtonContent euiButtonEmpty__content"
    >
      <span
        class="euiButtonEmpty__text"
      >
        + Add filter
      </span>
    </span>
  </button>
  <div
    class="euiText euiText--extraSmall"
    style="padding-left:10px"
  >
    <div
      class="euiTextColor euiTextColor--subdued"
    >
      You can add up to 1  data filter.
    </div>
  </div>
</div>
`;
