// Jest Snapshot v1, https://goo.gl/fbAQLP

exports[`OverviewStat renders 1`] = `
<div
  class="euiFlexItem"
>
  <div
    class="euiText euiText--extraSmall"
  >
    <strong>
      Test Header
    </strong>
    <div
      style="word-wrap:break-word;overflow-wrap:break-word"
    >
      Test Value
    </div>
  </div>
</div>
`;
