// Jest Snapshot v1, https://goo.gl/fbAQLP

exports[`ActionEmptyPrompt renders 1`] = `
<EuiEmptyPrompt
  actions={
    <EuiButton
      disabled={true}
      fill={true}
      iconSide="right"
      iconType="popout"
      onClick={[Function]}
    >
      Manage channels
    </EuiButton>
  }
  body={
    <EuiText>
      <p>
        There are no existing channels. Add a channel to create an action.
      </p>
    </EuiText>
  }
  style={
    Object {
      "maxWidth": "45em",
    }
  }
/>
`;
