// Jest Snapshot v1, https://goo.gl/fbAQLP

exports[`DataSource renders 1`] = `
<ContentPanel
  bodyStyles={
    Object {
      "padding": "initial",
    }
  }
  title="Select data"
  titleSize="s"
>
  <MonitorIndex
    httpClient={[MockFunction]}
    monitorType="query_level_monitor"
  />
  <EuiSpacer />
  <MonitorTimeField />
</ContentPanel>
`;
