// Jest Snapshot v1, https://goo.gl/fbAQLP

exports[`FormikSelect renders 1`] = `
<div
  class="euiFormControlLayout euiFormControlLayout--compressed"
>
  <div
    class="euiFormControlLayout__childrenWrapper"
  >
    <select
      class="euiSelect euiSelect--compressed"
      id="testing"
      name="testing"
    >
      <option
        value="test"
      >
        test
      </option>
    </select>
    <div
      class="euiFormControlLayoutIcons euiFormControlLayoutIcons--right"
    >
      <span
        class="euiFormControlLayoutCustomIcon"
      >
        <div>
          EuiIconMock
        </div>
      </span>
    </div>
  </div>
</div>
`;
