// Jest Snapshot v1, https://goo.gl/fbAQLP

exports[`AlertsDashboardFlyoutComponent renders 1`] = `
<div>
  <EuiFlexGroup>
    <EuiFlexItem>
      <EuiText
        data-test-subj="alertsDashboardFlyout_triggerName_undefined"
        size="s"
      >
        <strong>
          Trigger name
        </strong>
        <p />
      </EuiText>
    </EuiFlexItem>
    <EuiFlexItem>
      <EuiText
        data-test-subj="alertsDashboardFlyout_severity_undefined"
        size="s"
      >
        <strong>
          Severity
        </strong>
        <p>
          -
        </p>
      </EuiText>
    </EuiFlexItem>
  </EuiFlexGroup>
  <EuiSpacer
    size="xxl"
  />
  <EuiFlexGroup>
    <EuiFlexItem>
      <EuiText
        size="s"
      >
        <strong>
          Trigger start time
        </strong>
        <p>
          -
        </p>
      </EuiText>
    </EuiFlexItem>
    <EuiFlexItem>
      <EuiText
        size="s"
      >
        <strong>
          Trigger last updated
        </strong>
        <p>
          -
        </p>
      </EuiText>
    </EuiFlexItem>
  </EuiFlexGroup>
  <EuiSpacer
    size="xxl"
  />
  <EuiFlexGroup>
    <EuiFlexItem>
      <EuiText
        data-test-subj="alertsDashboardFlyout_monitor_undefined"
        size="s"
      >
        <strong>
          Monitor
        </strong>
        <p>
          <EuiLink
            href="#/monitors/undefined"
          />
        </p>
      </EuiText>
    </EuiFlexItem>
    <EuiFlexItem>
      <EuiText
        size="s"
      >
        <strong>
          Monitor data sources
        </strong>
        <p
          style={
            Object {
              "whiteSpace": "pre-wrap",
            }
          }
        >
          -
        </p>
      </EuiText>
    </EuiFlexItem>
  </EuiFlexGroup>
  <EuiHorizontalRule
    margin="xxl"
  />
  <EuiFlexGroup>
    <EuiFlexItem>
      <EuiText
        data-test-subj="alertsDashboardFlyout_conditions_undefined"
        size="s"
      >
        <strong>
          Condition
        </strong>
        <p
          style={
            Object {
              "whiteSpace": "pre-wrap",
            }
          }
        >
          Loading conditions...
        </p>
      </EuiText>
    </EuiFlexItem>
  </EuiFlexGroup>
  <EuiSpacer
    size="xxl"
  />
  <EuiHorizontalRule
    margin="none"
  />
  <EuiSpacer
    size="xxl"
  />
  <ContentPanel
    actions={Array []}
    bodyStyles={
      Object {
        "padding": "initial",
      }
    }
    title="Alerts"
    titleSize="s"
  >
    <DashboardControls
      activePage={0}
      isAlertsFlyout={true}
      monitorType="query_level_monitor"
      onPageChange={[Function]}
      onSearchChange={[Function]}
      onStateChange={[Function]}
      pageCount={1}
      panelStyles={
        Object {
          "padding": "8px 0px 16px",
        }
      }
      search=""
      severity="ALL"
      state="ALL"
    />
    <EuiBasicTable
      columns={
        Array [
          Object {
            "dataType": "date",
            "field": "triggered_time",
            "name": "Alert triggered time",
            "render": [Function],
            "sortable": true,
            "truncateText": false,
          },
        ]
      }
      data-test-subj="alertsDashboardFlyout_table_undefined"
      hasActions={true}
      isSelectable={true}
      itemId={[Function]}
      items={Array []}
      loading={true}
      noItemsMessage="Loading alerts..."
      onChange={[Function]}
      pagination={
        Object {
          "pageIndex": 0,
          "pageSize": 10,
          "pageSizeOptions": Array [
            5,
            10,
            20,
            50,
          ],
          "totalItemCount": 0,
        }
      }
      responsive={true}
      selection={
        Object {
          "initialSelected": Array [],
          "onSelectionChange": [Function],
          "selectable": [Function],
          "selectableMessage": undefined,
        }
      }
      sorting={
        Object {
          "sort": Object {
            "direction": "desc",
            "field": "start_time",
          },
        }
      }
      tableLayout="fixed"
    />
  </ContentPanel>
  <EuiSpacer
    size="l"
  />
</div>
`;
