// Jest Snapshot v1, https://goo.gl/fbAQLP

exports[`IconToolTip renders 1`] = `
<span
  class="euiToolTipAnchor"
>
  <svg
    aria-hidden="true"
    class="euiIcon euiIcon--medium euiIcon-isLoading"
    focusable="false"
    height="16"
    role="img"
    viewBox="0 0 16 16"
    width="16"
    xmlns="http://www.w3.org/2000/svg"
  />
</span>
`;
