// Jest Snapshot v1, https://goo.gl/fbAQLP

exports[`Triggers renders 1`] = `
<ContentPanel
  bodyStyles={
    Object {
      "padding": "initial",
    }
  }
  title="Triggers (1)"
  titleSize="s"
>
  <EuiInMemoryTable
    columns={
      Array [
        Object {
          "field": "name",
          "name": "Name",
          "sortable": true,
          "truncateText": true,
          "width": "15%",
        },
        Object {
          "field": "actions",
          "name": "Number of actions",
          "render": [Function],
          "sortable": true,
          "truncateText": false,
          "width": "15%",
        },
        Object {
          "field": "severity",
          "name": "Severity",
          "sortable": true,
          "truncateText": false,
          "width": "10%",
        },
      ]
    }
    itemId="id"
    items={
      Array [
        Object {
          "actions": Array [
            Object {
              "name": "Random Action",
            },
          ],
          "name": "Random Trigger",
          "severity": 1,
        },
      ]
    }
    key="table-1234567890000-0.5"
    noItemsMessage="There are no triggers."
    onTableChange={[Function]}
    responsive={true}
    sorting={
      Object {
        "sort": Object {
          "direction": "asc",
          "field": "name",
        },
      }
    }
    tableLayout="fixed"
  />
</ContentPanel>
`;
