// Jest Snapshot v1, https://goo.gl/fbAQLP

exports[`MonitorExpressions renders 1`] = `
<div>
  <div
    id="aggregations"
  >
    <div
      class="euiText euiText--extraSmall"
    >
      <strong>
        Metrics
      </strong>
      <i>
         - optional 
      </i>
      <span
        class="euiToolTipAnchor"
      >
        <div>
          EuiIconMock
        </div>
      </span>
    </div>
    <div
      class="euiSpacer euiSpacer--s"
    />
    <span
      style="padding-right:5px"
    >
      <span
        class="euiBadge euiBadge--hollow euiBadge--iconLeft"
        style="padding-right:5px"
      >
        <span
          class="euiBadge__content"
        >
          <span
            class="euiBadge__text"
          >
            COUNT OF documents
          </span>
        </span>
      </span>
    </span>
    <div
      class="euiSpacer euiSpacer--xs"
    />
    <div
      class="euiText euiText--extraSmall"
    >
      <div
        class="euiTextColor euiTextColor--danger"
      />
    </div>
    <button
      class="euiButtonEmpty euiButtonEmpty--primary euiButtonEmpty--xSmall"
      data-test-subj="addMetricButton"
      style="padding-top:5px"
      type="button"
    >
      <span
        class="euiButtonContent euiButtonEmpty__content"
      >
        <span
          class="euiButtonEmpty__text"
        >
          + Add metric
        </span>
      </span>
    </button>
    <div
      class="euiText euiText--extraSmall"
      style="padding-left:10px"
    >
      <div
        class="euiTextColor euiTextColor--subdued"
      >
        You can add up to 1  metric.
      </div>
    </div>
  </div>
  <div
    class="euiSpacer euiSpacer--m"
  />
  <div>
    <div
      class="euiText euiText--extraSmall"
    >
      <strong>
        Time range for the last 
      </strong>
      <span
        class="euiToolTipAnchor"
      >
        <div>
          EuiIconMock
        </div>
      </span>
    </div>
    <div
      class="euiSpacer euiSpacer--s"
    />
    <div
      class="euiFlexGroup euiFlexGroup--gutterLarge euiFlexGroup--directionRow euiFlexGroup--responsive"
      style="max-width:600px"
    >
      <div
        class="euiFlexItem euiFlexItem--flexGrowZero"
        style="width:150px"
      >
        <div
          class="euiFormRow"
          id="bucketValue-form-row-row"
        >
          <div
            class="euiFormRow__fieldWrapper"
          >
            <div
              class="euiFormControlLayout"
            >
              <div
                class="euiFormControlLayout__childrenWrapper"
              >
                <input
                  class="euiFieldNumber"
                  min="1"
                  name="bucketValue"
                  type="number"
                  value="1"
                />
              </div>
            </div>
          </div>
        </div>
      </div>
      <div
        class="euiFlexItem euiFlexItem--flexGrowZero"
        style="width:150px"
      >
        <div
          class="euiFormControlLayout"
        >
          <div
            class="euiFormControlLayout__childrenWrapper"
          >
            <select
              class="euiSelect"
              id="bucketUnitOfTime"
              name="bucketUnitOfTime"
            >
              <option
                value="m"
              >
                minute(s)
              </option>
              <option
                selected=""
                value="h"
              >
                hour(s)
              </option>
              <option
                value="d"
              >
                day(s)
              </option>
            </select>
            <div
              class="euiFormControlLayoutIcons euiFormControlLayoutIcons--right"
            >
              <span
                class="euiFormControlLayoutCustomIcon"
              >
                <div>
                  EuiIconMock
                </div>
              </span>
            </div>
          </div>
        </div>
      </div>
    </div>
  </div>
  <div
    class="euiSpacer euiSpacer--l"
  />
  <div>
    <div
      class="euiText euiText--extraSmall"
    >
      <strong>
        Data filter
      </strong>
      <i>
         - optional 
      </i>
      <span
        class="euiToolTipAnchor"
      >
        <div>
          EuiIconMock
        </div>
      </span>
    </div>
    <div
      class="euiSpacer euiSpacer--s"
    />
    <div>
      <div
        class="euiText euiText--extraSmall"
      >
        No filters defined.
      </div>
    </div>
    <button
      class="euiButtonEmpty euiButtonEmpty--primary euiButtonEmpty--xSmall"
      data-test-subj="where.addFilterButton"
      style="padding-top:5px"
      type="button"
    >
      <span
        class="euiButtonContent euiButtonEmpty__content"
      >
        <span
          class="euiButtonEmpty__text"
        >
          + Add filter
        </span>
      </span>
    </button>
    <div
      class="euiText euiText--extraSmall"
      style="padding-left:10px"
    >
      <div
        class="euiTextColor euiTextColor--subdued"
      >
        You can add up to 1  data filter.
      </div>
    </div>
  </div>
  <div
    class="euiSpacer euiSpacer--m"
  />
  <div
    id="groupBy"
  >
    <div
      class="euiText euiText--extraSmall"
    >
      <strong>
        Group by 
      </strong>
      <i>
        - optional 
      </i>
      <span
        class="euiToolTipAnchor"
      >
        <div>
          EuiIconMock
        </div>
      </span>
    </div>
    <div
      class="euiSpacer euiSpacer--s"
    />
    <div>
      <div
        class="euiText euiText--extraSmall"
      >
        No group bys defined.
      </div>
    </div>
    <div
      class="euiSpacer euiSpacer--xs"
    />
    <button
      class="euiButtonEmpty euiButtonEmpty--primary euiButtonEmpty--xSmall"
      data-test-subj="addGroupByButton"
      style="padding-top:5px"
      type="button"
    >
      <span
        class="euiButtonContent euiButtonEmpty__content"
      >
        <span
          class="euiButtonEmpty__text"
        >
          + Add group by
        </span>
      </span>
    </button>
    <div
      class="euiText euiText--extraSmall"
    >
      <div
        class="euiTextColor euiTextColor--danger"
      />
    </div>
    <div
      class="euiText euiText--extraSmall"
      style="padding-left:10px"
    >
      <div
        class="euiTextColor euiTextColor--subdued"
      >
        You can add up to 1  group by.
      </div>
    </div>
  </div>
  <div
    class="euiSpacer euiSpacer--xs"
  />
</div>
`;
