// Jest Snapshot v1, https://goo.gl/fbAQLP

exports[`MonitorTimeField renders 1`] = `
<div
  class="euiFormRow"
  id="timeField-form-row-row"
  style="padding-left:10px"
>
  <div
    class="euiFormRow__labelWrapper"
  >
    <label
      aria-invalid="false"
      class="euiFormLabel euiFormRow__label"
      for="timeField-form-row"
    >
      Time field
    </label>
  </div>
  <div
    class="euiFormRow__fieldWrapper"
  >
    <div
      aria-expanded="false"
      aria-haspopup="listbox"
      class="euiComboBox"
      data-test-subj="timeFieldComboBox"
      name="timeField"
      role="combobox"
    >
      <div
        class="euiFormControlLayout"
      >
        <div
          class="euiFormControlLayout__childrenWrapper"
        >
          <div
            class="euiComboBox__inputWrap euiComboBox__inputWrap--noWrap"
            data-test-subj="comboBoxInput"
            tabindex="-1"
          >
            <p
              class="euiComboBoxPlaceholder"
            >
              Select a time field
            </p>
            <div
              class="euiComboBox__input"
              style="font-size:14px;display:inline-block"
            >
              <input
                aria-controls=""
                data-test-subj="comboBoxSearchInput"
                id="timeField"
                role="textbox"
                style="box-sizing:content-box;width:1px"
                value=""
              />
              <div
                style="position:absolute;top:0;left:0;visibility:hidden;height:0;overflow:scroll;white-space:pre"
              />
            </div>
          </div>
          <div
            class="euiFormControlLayoutIcons euiFormControlLayoutIcons--right"
          >
            <button
              aria-label="Open list of options"
              class="euiFormControlLayoutCustomIcon euiFormControlLayoutCustomIcon--clickable"
              data-test-subj="comboBoxToggleListButton"
              type="button"
            >
              <div>
                EuiIconMock
              </div>
            </button>
          </div>
        </div>
      </div>
    </div>
    <div
      class="euiFormHelpText euiFormRow__text"
      id="timeField-form-row-help-0"
    >
      Choose the time field you want to use for your x-axis
    </div>
  </div>
</div>
`;
