// Jest Snapshot v1, https://goo.gl/fbAQLP

exports[`FormikFieldText renders 1`] = `
<div
  class="euiFormControlLayout euiFormControlLayout--compressed"
>
  <div
    class="euiFormControlLayout__childrenWrapper"
  >
    <input
      class="euiFieldText euiFieldText--compressed"
      name="testing"
      type="text"
    />
  </div>
</div>
`;
