// Jest Snapshot v1, https://goo.gl/fbAQLP

exports[`DashboardControls renders 1`] = `
<div
  class="euiFlexGroup euiFlexGroup--gutterSmall euiFlexGroup--directionRow euiFlexGroup--responsive"
  style="padding:0px 0px 16px"
>
  <div
    class="euiFlexItem"
  >
    <div
      class="euiFormControlLayout euiFormControlLayout--fullWidth euiFormControlLayout--compressed"
    >
      <div
        class="euiFormControlLayout__childrenWrapper"
      >
        <input
          class="euiFieldSearch euiFieldSearch--fullWidth euiFieldSearch--compressed"
          placeholder="Search"
          type="search"
          value=""
        />
        <div
          class="euiFormControlLayoutIcons"
        >
          <span
            class="euiFormControlLayoutCustomIcon"
          >
            <div>
              EuiIconMock
            </div>
          </span>
        </div>
      </div>
    </div>
  </div>
  <div
    class="euiFlexItem euiFlexItem--flexGrowZero"
  >
    <div
      class="euiFormControlLayout euiFormControlLayout--compressed"
    >
      <div
        class="euiFormControlLayout__childrenWrapper"
      >
        <select
          class="euiSelect euiSelect--compressed"
        >
          <option
            selected=""
            value="ALL"
          >
            All severity levels
          </option>
          <option
            value="1"
          >
            1 (Highest)
          </option>
          <option
            value="2"
          >
            2 (High)
          </option>
          <option
            value="3"
          >
            3 (Medium)
          </option>
          <option
            value="4"
          >
            4 (Low)
          </option>
          <option
            value="5"
          >
            5 (Lowest)
          </option>
        </select>
        <div
          class="euiFormControlLayoutIcons euiFormControlLayoutIcons--right"
        >
          <span
            class="euiFormControlLayoutCustomIcon"
          >
            <div>
              EuiIconMock
            </div>
          </span>
        </div>
      </div>
    </div>
  </div>
  <div
    class="euiFlexItem euiFlexItem--flexGrowZero"
  >
    <div
      class="euiFormControlLayout euiFormControlLayout--compressed"
    >
      <div
        class="euiFormControlLayout__childrenWrapper"
      >
        <select
          class="euiSelect euiSelect--compressed"
          data-test-subj="dashboardAlertStateFilter"
        >
          <option
            selected=""
            value="ALL"
          >
            All alerts
          </option>
          <option
            value="ACTIVE"
          >
            Active
          </option>
          <option
            value="ACKNOWLEDGED"
          >
            Acknowledged
          </option>
          <option
            value="COMPLETED"
          >
            Completed
          </option>
          <option
            value="ERROR"
          >
            Error
          </option>
          <option
            value="DELETED"
          >
            Deleted
          </option>
        </select>
        <div
          class="euiFormControlLayoutIcons euiFormControlLayoutIcons--right"
        >
          <span
            class="euiFormControlLayoutCustomIcon"
          >
            <div>
              EuiIconMock
            </div>
          </span>
        </div>
      </div>
    </div>
  </div>
</div>
`;
