// Jest Snapshot v1, https://goo.gl/fbAQLP

exports[`FindingsPopover renders 1`] = `
<div
  class="euiPopover euiPopover--anchorDownCenter"
>
  <div
    class="euiPopover__anchor"
  >
    <button
      class="euiLink euiLink--primary"
      type="button"
    >
      0 Queries
    </button>
  </div>
</div>
`;
